// Jest Snapshot v1, https://goo.gl/fbAQLP

exports[`ModuleComponent renders title and description 1`] = `
<div>
  <div
    class="my-[80px] p-4 bg-white rounded-lg shadow-sm flex flex-col h-full max-h-[387px]"
  >
    <div
      class="-mt-[90px] h-[150px] w-[150px] border-[1.5px] rounded-[20px] p-5 bg-primary-light border-primary/40"
    >
      <div
        data-testid="mock-chart-line"
      />
    </div>
    <div
      class="grow flex flex-col justify-between gap-6 p-6"
    >
      <h1
        class="font-geist font-semibold text-[28px] text-card-foreground leading-7 tracking-[-0.6px]"
      >
        Market
      </h1>
      <p
        class="font-geist font-normal text-xs leading-4 text-muted-foreground"
      >
        A description
      </p>
      <div
        class="w-9 h-9"
      />
    </div>
  </div>
</div>
`;
